<html>
<body>
<pre>
<h1>µVision Build Log</h1>
<h2>Tool Versions:</h2>
IDE-Version: ¦ÌVision V5.39.0.0
Copyright (C) 2023 ARM Ltd and ARM Germany GmbH. All rights reserved.
License Information: 1314 1314, 1314, LIC=8MZI6-DKXE0-BX3UY-I8XKJ-AUNXE-C34HV
 
Tool Versions:
Toolchain:       MDK-ARM Professional  Version: 5.39.0.0
Toolchain Path:  C:\Keil_v5\ARM\ARM_Compiler_5.06u7\Bin
C Compiler:      Armcc.exe V5.06 update 7 (build 960)
Assembler:       Armasm.exe V5.06 update 7 (build 960)
Linker/Locator:  ArmLink.exe V5.06 update 7 (build 960)
Library Manager: ArmAr.exe V5.06 update 7 (build 960)
Hex Converter:   FromElf.exe V5.06 update 7 (build 960)
CPU DLL:         SARMCM3.DLL V5.39.0.0
Dialog DLL:      DCM.DLL V1.17.5.0
Target DLL:      STLink\ST-LINKIII-KEIL_SWO.dll V3.2.0.0
Dialog DLL:      TCM.DLL V1.56.4.0
 
<h2>Project:</h2>
D:\Embedded\STM32 Project\New_Project1_D3_FreeRTOS\MDK-ARM\New_Project1.uvprojx
Project File Date:  11/18/2025

<h2>Output:</h2>
*** Using Compiler 'V5.06 update 7 (build 960)', folder: 'C:\Keil_v5\ARM\ARM_Compiler_5.06u7\Bin'
Rebuild target 'New_Project1'
assembling startup_stm32f407xx.s...
compiling stm32f4xx_it.c...
compiling tim.c...
compiling bsp_led.c...
compiling stm32f4xx_hal_msp.c...
compiling bsp_key.c...
..\BSP\bsp_key.h(12): warning:  #1-D: last line of file ends without a newline
  #endif
..\BSP\bsp_key.c(131): warning:  #1-D: last line of file ends without a newline
  //}
..\BSP\bsp_key.c: 2 warnings, 0 errors
compiling stm32f4xx_hal_timebase_tim.c...
compiling bsp_dht11.c...
..\BSP\dwt_delay.h(9): warning:  #1-D: last line of file ends without a newline
  #endif
..\BSP\bsp_dht11.c(126): warning:  #1-D: last line of file ends without a newline
  }
..\BSP\bsp_dht11.c: 2 warnings, 0 errors
compiling usart.c...
compiling main.c...
../BSP/bsp_key.h(12): warning:  #1-D: last line of file ends without a newline
  #endif
../BSP/bsp_tick.h(10): warning:  #1-D: last line of file ends without a newline
  #endif
../BSP/dwt_delay.h(9): warning:  #1-D: last line of file ends without a newline
  #endif
../App/app_main.h(8): warning:  #1-D: last line of file ends without a newline
  #endif
../Core/Src/main.c: 4 warnings, 0 errors
compiling gpio.c...
compiling freertos.c...
../BSP/bsp_tick.h(10): warning:  #1-D: last line of file ends without a newline
  #endif
../App/app_task.h(24): warning:  #1-D: last line of file ends without a newline
  #endif
../Core/Src/freertos.c: 2 warnings, 0 errors
compiling bsp_usart.c...
..\BSP\bsp_usart.c(25): warning:  #1-D: last line of file ends without a newline
  }
..\BSP\bsp_usart.c: 1 warning, 0 errors
compiling bsp_tick.c...
..\BSP\bsp_tick.h(10): warning:  #1-D: last line of file ends without a newline
  #endif
..\BSP\bsp_tick.c: 1 warning, 0 errors
compiling dwt_delay.c...
..\BSP\dwt_delay.h(9): warning:  #1-D: last line of file ends without a newline
  #endif
..\BSP\dwt_delay.c(21): warning:  #1-D: last line of file ends without a newline
  }
..\BSP\dwt_delay.c: 2 warnings, 0 errors
compiling stm32f4xx_hal_flash_ex.c...
compiling stm32f4xx_hal_flash.c...
compiling stm32f4xx_hal_rcc_ex.c...
compiling app_main.c...
..\App\app_main.h(8): warning:  #1-D: last line of file ends without a newline
  #endif
../BSP/bsp_key.h(12): warning:  #1-D: last line of file ends without a newline
  #endif
..\App\app_main.c: 2 warnings, 0 errors
compiling stm32f4xx_hal_flash_ramfunc.c...
compiling stm32f4xx_hal_gpio.c...
compiling stm32f4xx_hal_dma_ex.c...
compiling stm32f4xx_hal_rcc.c...
compiling croutine.c...
compiling event_groups.c...
compiling list.c...
compiling queue.c...
compiling stream_buffer.c...
compiling tasks.c...
compiling timers.c...
compiling stm32f4xx_hal_pwr_ex.c...
compiling stm32f4xx_hal_cortex.c...
compiling heap_4.c...
compiling stm32f4xx_hal_exti.c...
compiling port.c...
compiling stm32f4xx_hal_pwr.c...
compiling stm32f4xx_hal_dma.c...
compiling stm32f4xx_hal.c...
compiling system_stm32f4xx.c...
compiling stm32f4xx_hal_tim_ex.c...
compiling stm32f4xx_hal_uart.c...
compiling stm32f4xx_hal_tim.c...
compiling cmsis_os2.c...
linking...
Program Size: Code=14388 RO-data=628 RW-data=196 ZI-data=25004  
FromELF: creating hex file...
"New_Project1\New_Project1.axf" - 0 Error(s), 16 Warning(s).

<h2>Software Packages used:</h2>

Package Vendor: ARM
                http://www.keil.com/pack/ARM.CMSIS.5.9.0.pack
                ARM::CMSIS@5.9.0
                CMSIS (Common Microcontroller Software Interface Standard)
   * Component: CORE Version: 5.6.0

Package Vendor: Keil
                https://www.keil.com/pack/Keil.STM32F4xx_DFP.3.1.1.pack
                Keil::STM32F4xx_DFP@3.1.1
                STMicroelectronics STM32F4 Series Device Support

<h2>Collection of Component include folders:</h2>
  ./RTE/_New_Project1
  C:/Users/HTin/AppData/Local/Arm/Packs/ARM/CMSIS/5.9.0/CMSIS/Core/Include

<h2>Collection of Component Files used:</h2>

   * Component: ARM::CMSIS:CORE@5.6.0
      Include file:  CMSIS/Core/Include/tz_context.h
Build Time Elapsed:  00:00:12
</pre>
</body>
</html>
